| packages/fight/src/store.js:10:30:10:48 | fetch('/telemetry') | The reducer fold reaches a network request (`fetch`) \u2014 the fight core is pure over (msg, now); effects live at the seam (fight/txs.js) or enter as inputs (CODE_LAW L-P4/L-P1). |
| packages/fight/src/store.js:18:31:18:54 | setTime ... {}, 99) | The reducer fold reaches a `setTimeout` timer \u2014 the fight core is pure over (msg, now); effects live at the seam (fight/txs.js) or enter as inputs (CODE_LAW L-P4/L-P1). |
| packages/fight/src/store.js:26:1:26:28 | setInte ...  60000) | The reducer fold reaches a `setInterval` timer \u2014 the fight core is pure over (msg, now); effects live at the seam (fight/txs.js) or enter as inputs (CODE_LAW L-P4/L-P1). |
| packages/frontend/src/world-shell/turn_commit.js:3:30:3:39 | Date.now() | The reducer fold reaches nondeterminism (`Date.now()`) \u2014 the fight core is pure over (msg, now); effects live at the seam (fight/txs.js) or enter as inputs (CODE_LAW L-P4/L-P1). |
