| door.js:16:27:16:41 | set({ n: msg }) | Store write reaches here from $@ \u2014 async results re-enter through the reducer door (a store action / `input(msg, now)`), never a direct `set`/`setState` (CODE_LAW L-P4; the v1.12.28 crash class). | door.js:17:21:17:26 | helper | a `.on()` listener |
| stores.js:19:22:19:50 | use_fig ... p: 0 }) | Store write reaches here from $@ \u2014 async results re-enter through the reducer door (a store action / `input(msg, now)`), never a direct `set`/`setState` (CODE_LAW L-P4; the v1.12.28 crash class). | stores.js:20:46:20:51 | finish | a `setTimeout` callback |
| stores.js:23:27:23:60 | use_fig ... atus }) | Store write reaches here from $@ \u2014 async results re-enter through the reducer door (a store action / `input(msg, now)`), never a direct `set`/`setState` (CODE_LAW L-P4; the v1.12.28 crash class). | stores.js:24:44:24:65 | (r) =>  ... status) | a promise `.then()` continuation |
| stores.js:29:3:29:38 | use_fig ... atus }) | Store write reaches here from $@ \u2014 async results re-enter through the reducer door (a store action / `input(msg, now)`), never a direct `set`/`setState` (CODE_LAW L-P4; the v1.12.28 crash class). | stores.js:28:13:28:29 | await fetch('/x') | an `await` continuation (code after `await` resumes as a later microtask) |
| stores.js:33:78:33:106 | use_fig ... p: i }) | Store write reaches here from $@ \u2014 async results re-enter through the reducer door (a store action / `input(msg, now)`), never a direct `set`/`setState` (CODE_LAW L-P4; the v1.12.28 crash class). | stores.js:33:51:33:107 | () => i ... : i })) | a `.on()` listener |
| stores.js:36:44:36:72 | use_fig ... p: 1 }) | Store write reaches here from $@ \u2014 async results re-enter through the reducer door (a store action / `input(msg, now)`), never a direct `set`/`setState` (CODE_LAW L-P4; the v1.12.28 crash class). | stores.js:36:38:36:72 | () => u ... p: 1 }) | a `setTimeout` callback |
| stores.js:40:30:40:58 | use_fig ... p: v }) | Store write reaches here from $@ \u2014 async results re-enter through the reducer door (a store action / `input(msg, now)`), never a direct `set`/`setState` (CODE_LAW L-P4; the v1.12.28 crash class). | stores.js:40:3:40:58 | for awa ... p: v }) | an `await` continuation (code after `await` resumes as a later microtask) |
